// Jest Snapshot v1, https://goo.gl/fbAQLP

exports[`<PrivateRouter  /> should match snapshot 1`] = `<div />`;
